validators 192 ok 114 threw 0 notOk 78
NOTOK: [
 "kgmAudit0810P",
 "kgmAudit0811Q",
 "kgmAudit0810PR3",
 "kgmAudit0810PR4",
 "kgmAudit0812A",
 "kgmAuditR6",
 "kgmAudit0814C",
 "kgmAudit0814D",
 "kgmAuditRotationsR43",
 "kgmAudit0819H",
 "kgmAudit0819I",
 "kgmAudit0819J",
 "kgmAuditR65",
 "kgmAuditR66",
 "kgmAuditR67",
 "kgmAuditR68",
 "kgmAuditR69",
 "kgmAuditPnrR70",
 "kgmAuditR71",
 "kgmAuditR73",
 "kgmAuditR74",
 "kgmAuditR75",
 "kgmAuditR76",
 "kgmAuditR77",
 "kgmAuditR78",
 "kgmAuditR79",
 "kgmAuditR80",
 "kgmAuditR81",
 "kgmAuditR82",
 "kgmAuditR83",
 "kgmAuditR84",
 "kgmAuditR85",
 "kgmAuditR86",
 "kgmAuditR87",
 "kgmAuditR88",
 "kgmAuditR89",
 "kgmAuditR90",
 "kgmAuditR91",
 "kgmAuditR92",
 "kgmAuditR93",
 "kgmAuditR94",
 "kgmAuditR95",
 "kgmAuditR96",
 "kgmAuditR97",
 "kgmAuditR98",
 "kgmAuditR99",
 "kgmAuditR100",
 "kgmAuditR101",
 "kgmAuditR102",
 "kgmAuditR103",
 "kgmAuditR104",
 "kgmAuditR105",
 "kgmAuditR106",
 "kgmAuditR107",
 "kgmAuditR108",
 "kgmAuditR109",
 "kgmAuditR110",
 "kgmAuditR111",
 "kgmAuditR113",
 "kgmAuditR114",
 "kgmAuditR115",
 "kgmAuditR117",
 "kgmAuditR118",
 "kgmAuditR119",
 "kgmAuditR120",
 "kgmAuditR121",
 "kgmAuditR122",
 "kgmAuditR123",
 "kgmAuditR124",
 "kgmAudit0903B",
 "kgmAudit0904A",
 "kgmAudit0906A",
 "kgmAuditR128",
 "kgmAudit0907A",
 "kgmAudit0908A",
 "kgmAudit0909A",
 "kgmAudit0905A",
 "kgmAuditR151"
]
view errors 0 []
PAGE ERRORS 0
